
 /----------------------------------------------------------------------------\
 |                                                                            |
 |  yosys -- Yosys Open SYnthesis Suite                                       |
 |                                                                            |
 |  Copyright (C) 2012 - 2020  Claire Xenia Wolf <claire@yosyshq.com>         |
 |                                                                            |
 |  Permission to use, copy, modify, and/or distribute this software for any  |
 |  purpose with or without fee is hereby granted, provided that the above    |
 |  copyright notice and this permission notice appear in all copies.         |
 |                                                                            |
 |  THE SOFTWARE IS PROVIDED "AS IS" AND THE AUTHOR DISCLAIMS ALL WARRANTIES  |
 |  WITH REGARD TO THIS SOFTWARE INCLUDING ALL IMPLIED WARRANTIES OF          |
 |  MERCHANTABILITY AND FITNESS. IN NO EVENT SHALL THE AUTHOR BE LIABLE FOR   |
 |  ANY SPECIAL, DIRECT, INDIRECT, OR CONSEQUENTIAL DAMAGES OR ANY DAMAGES    |
 |  WHATSOEVER RESULTING FROM LOSS OF USE, DATA OR PROFITS, WHETHER IN AN     |
 |  ACTION OF CONTRACT, NEGLIGENCE OR OTHER TORTIOUS ACTION, ARISING OUT OF   |
 |  OR IN CONNECTION WITH THE USE OR PERFORMANCE OF THIS SOFTWARE.            |
 |                                                                            |
 \----------------------------------------------------------------------------/

 Yosys 0.26+1 (git sha1 b1a011138, clang 10.0.0-4ubuntu1 -fPIC -Os)


-- Running command `read_verilog -sv ../design/clock_ej2.sv ../design/display.sv ../design/sumador.sv ../design/teclado.sv ; synth_gowin -top display -json CALCULADORA.json' --

1. Executing Verilog-2005 frontend: ../design/clock_ej2.sv
Parsing SystemVerilog input from `../design/clock_ej2.sv' to AST representation.
Generating RTLIL representation for module `\clock_ej2'.
Successfully finished Verilog frontend.

2. Executing Verilog-2005 frontend: ../design/display.sv
Parsing SystemVerilog input from `../design/display.sv' to AST representation.
Generating RTLIL representation for module `\display'.
Successfully finished Verilog frontend.

3. Executing Verilog-2005 frontend: ../design/sumador.sv
Parsing SystemVerilog input from `../design/sumador.sv' to AST representation.
Successfully finished Verilog frontend.

4. Executing Verilog-2005 frontend: ../design/teclado.sv
Parsing SystemVerilog input from `../design/teclado.sv' to AST representation.
Generating RTLIL representation for module `\teclado'.
Successfully finished Verilog frontend.

5. Executing SYNTH_GOWIN pass.

5.1. Executing Verilog-2005 frontend: /home/julian/Documents/TEC/Diseño_Lógico/oss-cad-suite-linux-x64-20230210/oss-cad-suite/lib/../share/yosys/gowin/cells_sim.v
Parsing Verilog input from `/home/julian/Documents/TEC/Diseño_Lógico/oss-cad-suite-linux-x64-20230210/oss-cad-suite/lib/../share/yosys/gowin/cells_sim.v' to AST representation.
Generating RTLIL representation for module `\LUT1'.
Generating RTLIL representation for module `\LUT2'.
Generating RTLIL representation for module `\LUT3'.
Generating RTLIL representation for module `\LUT4'.
Generating RTLIL representation for module `\__APICULA_LUT5'.
Generating RTLIL representation for module `\__APICULA_LUT6'.
Generating RTLIL representation for module `\__APICULA_LUT7'.
Generating RTLIL representation for module `\__APICULA_LUT8'.
Generating RTLIL representation for module `\MUX2'.
Generating RTLIL representation for module `\MUX2_LUT5'.
Generating RTLIL representation for module `\MUX2_LUT6'.
Generating RTLIL representation for module `\MUX2_LUT7'.
Generating RTLIL representation for module `\MUX2_LUT8'.
Generating RTLIL representation for module `\DFF'.
Generating RTLIL representation for module `\DFFE'.
Generating RTLIL representation for module `\DFFS'.
Generating RTLIL representation for module `\DFFSE'.
Generating RTLIL representation for module `\DFFR'.
Generating RTLIL representation for module `\DFFRE'.
Generating RTLIL representation for module `\DFFP'.
Generating RTLIL representation for module `\DFFPE'.
Generating RTLIL representation for module `\DFFC'.
Generating RTLIL representation for module `\DFFCE'.
Generating RTLIL representation for module `\DFFN'.
Generating RTLIL representation for module `\DFFNE'.
Generating RTLIL representation for module `\DFFNS'.
Generating RTLIL representation for module `\DFFNSE'.
Generating RTLIL representation for module `\DFFNR'.
Generating RTLIL representation for module `\DFFNRE'.
Generating RTLIL representation for module `\DFFNP'.
Generating RTLIL representation for module `\DFFNPE'.
Generating RTLIL representation for module `\DFFNC'.
Generating RTLIL representation for module `\DFFNCE'.
Generating RTLIL representation for module `\VCC'.
Generating RTLIL representation for module `\GND'.
Generating RTLIL representation for module `\IBUF'.
Generating RTLIL representation for module `\OBUF'.
Generating RTLIL representation for module `\TBUF'.
Generating RTLIL representation for module `\IOBUF'.
Generating RTLIL representation for module `\TLVDS_OBUF'.
Generating RTLIL representation for module `\ODDR'.
Generating RTLIL representation for module `\ODDRC'.
Generating RTLIL representation for module `\GSR'.
Generating RTLIL representation for module `\ALU'.
Generating RTLIL representation for module `\RAM16S1'.
Generating RTLIL representation for module `\RAM16S2'.
Generating RTLIL representation for module `\RAM16S4'.
Generating RTLIL representation for module `\RAM16SDP1'.
Generating RTLIL representation for module `\RAM16SDP2'.
Generating RTLIL representation for module `\RAM16SDP4'.
Generating RTLIL representation for module `\SP'.
Generating RTLIL representation for module `\SPX9'.
Generating RTLIL representation for module `\SDP'.
Generating RTLIL representation for module `\SDPX9'.
Generating RTLIL representation for module `\DP'.
Generating RTLIL representation for module `\DPX9'.
Generating RTLIL representation for module `\rPLL'.
Generating RTLIL representation for module `\PLLVR'.
Generating RTLIL representation for module `\OSC'.
Generating RTLIL representation for module `\OSCZ'.
Generating RTLIL representation for module `\OSCF'.
Generating RTLIL representation for module `\OSCH'.
Successfully finished Verilog frontend.

5.2. Executing HIERARCHY pass (managing design hierarchy).

5.2.1. Analyzing design hierarchy..
Top module:  \display

5.2.2. Analyzing design hierarchy..
Top module:  \display
Removing unused module `\teclado'.
Removing unused module `\clock_ej2'.
Removed 2 unused modules.

5.3. Executing PROC pass (convert processes to netlists).

5.3.1. Executing PROC_CLEAN pass (remove empty switches from decision trees).
Found and cleaned up 1 empty switch in `\ALU.$proc$/home/julian/Documents/TEC/Dise$c3$b1o_L$c3$b3gico/oss-cad-suite-linux-x64-20230210/oss-cad-suite/lib/../share/yosys/gowin/cells_sim.v:661$255'.
Cleaned up 1 empty switch.

5.3.2. Executing PROC_RMDEAD pass (remove dead branches from decision trees).
Marked 1 switch rules as full_case in process $proc$/home/julian/Documents/TEC/Dise$c3$b1o_L$c3$b3gico/oss-cad-suite-linux-x64-20230210/oss-cad-suite/lib/../share/yosys/gowin/cells_sim.v:535$251 in module DFFNCE.
Marked 1 switch rules as full_case in process $proc$/home/julian/Documents/TEC/Dise$c3$b1o_L$c3$b3gico/oss-cad-suite-linux-x64-20230210/oss-cad-suite/lib/../share/yosys/gowin/cells_sim.v:515$249 in module DFFNC.
Marked 1 switch rules as full_case in process $proc$/home/julian/Documents/TEC/Dise$c3$b1o_L$c3$b3gico/oss-cad-suite-linux-x64-20230210/oss-cad-suite/lib/../share/yosys/gowin/cells_sim.v:496$247 in module DFFNPE.
Marked 1 switch rules as full_case in process $proc$/home/julian/Documents/TEC/Dise$c3$b1o_L$c3$b3gico/oss-cad-suite-linux-x64-20230210/oss-cad-suite/lib/../share/yosys/gowin/cells_sim.v:476$245 in module DFFNP.
Marked 1 switch rules as full_case in process $proc$/home/julian/Documents/TEC/Dise$c3$b1o_L$c3$b3gico/oss-cad-suite-linux-x64-20230210/oss-cad-suite/lib/../share/yosys/gowin/cells_sim.v:457$243 in module DFFNRE.
Marked 1 switch rules as full_case in process $proc$/home/julian/Documents/TEC/Dise$c3$b1o_L$c3$b3gico/oss-cad-suite-linux-x64-20230210/oss-cad-suite/lib/../share/yosys/gowin/cells_sim.v:437$241 in module DFFNR.
Marked 1 switch rules as full_case in process $proc$/home/julian/Documents/TEC/Dise$c3$b1o_L$c3$b3gico/oss-cad-suite-linux-x64-20230210/oss-cad-suite/lib/../share/yosys/gowin/cells_sim.v:418$239 in module DFFNSE.
Marked 1 switch rules as full_case in process $proc$/home/julian/Documents/TEC/Dise$c3$b1o_L$c3$b3gico/oss-cad-suite-linux-x64-20230210/oss-cad-suite/lib/../share/yosys/gowin/cells_sim.v:398$237 in module DFFNS.
Marked 1 switch rules as full_case in process $proc$/home/julian/Documents/TEC/Dise$c3$b1o_L$c3$b3gico/oss-cad-suite-linux-x64-20230210/oss-cad-suite/lib/../share/yosys/gowin/cells_sim.v:348$231 in module DFFCE.
Marked 1 switch rules as full_case in process $proc$/home/julian/Documents/TEC/Dise$c3$b1o_L$c3$b3gico/oss-cad-suite-linux-x64-20230210/oss-cad-suite/lib/../share/yosys/gowin/cells_sim.v:328$229 in module DFFC.
Marked 1 switch rules as full_case in process $proc$/home/julian/Documents/TEC/Dise$c3$b1o_L$c3$b3gico/oss-cad-suite-linux-x64-20230210/oss-cad-suite/lib/../share/yosys/gowin/cells_sim.v:309$227 in module DFFPE.
Marked 1 switch rules as full_case in process $proc$/home/julian/Documents/TEC/Dise$c3$b1o_L$c3$b3gico/oss-cad-suite-linux-x64-20230210/oss-cad-suite/lib/../share/yosys/gowin/cells_sim.v:289$225 in module DFFP.
Marked 1 switch rules as full_case in process $proc$/home/julian/Documents/TEC/Dise$c3$b1o_L$c3$b3gico/oss-cad-suite-linux-x64-20230210/oss-cad-suite/lib/../share/yosys/gowin/cells_sim.v:270$223 in module DFFRE.
Marked 1 switch rules as full_case in process $proc$/home/julian/Documents/TEC/Dise$c3$b1o_L$c3$b3gico/oss-cad-suite-linux-x64-20230210/oss-cad-suite/lib/../share/yosys/gowin/cells_sim.v:250$221 in module DFFR.
Marked 1 switch rules as full_case in process $proc$/home/julian/Documents/TEC/Dise$c3$b1o_L$c3$b3gico/oss-cad-suite-linux-x64-20230210/oss-cad-suite/lib/../share/yosys/gowin/cells_sim.v:231$219 in module DFFSE.
Marked 1 switch rules as full_case in process $proc$/home/julian/Documents/TEC/Dise$c3$b1o_L$c3$b3gico/oss-cad-suite-linux-x64-20230210/oss-cad-suite/lib/../share/yosys/gowin/cells_sim.v:211$217 in module DFFS.
Marked 1 switch rules as full_case in process $proc$../design/display.sv:78$13 in module display.
Removed 1 dead cases from process $proc$../design/display.sv:62$12 in module display.
Marked 1 switch rules as full_case in process $proc$../design/display.sv:62$12 in module display.
Marked 3 switch rules as full_case in process $proc$../design/display.sv:35$10 in module display.
Marked 1 switch rules as full_case in process $proc$../design/display.sv:23$8 in module display.
Removed a total of 1 dead cases.

5.3.3. Executing PROC_PRUNE pass (remove redundant assignments in processes).
Removed 9 redundant assignments.
Promoted 29 assignments to connections.

5.3.4. Executing PROC_INIT pass (extract init attributes).
Found init rule in `\DFFNCE.$proc$/home/julian/Documents/TEC/Dise$c3$b1o_L$c3$b3gico/oss-cad-suite-linux-x64-20230210/oss-cad-suite/lib/../share/yosys/gowin/cells_sim.v:0$252'.
  Set init value: \Q = 1'0
Found init rule in `\DFFNC.$proc$/home/julian/Documents/TEC/Dise$c3$b1o_L$c3$b3gico/oss-cad-suite-linux-x64-20230210/oss-cad-suite/lib/../share/yosys/gowin/cells_sim.v:0$250'.
  Set init value: \Q = 1'0
Found init rule in `\DFFNPE.$proc$/home/julian/Documents/TEC/Dise$c3$b1o_L$c3$b3gico/oss-cad-suite-linux-x64-20230210/oss-cad-suite/lib/../share/yosys/gowin/cells_sim.v:0$248'.
  Set init value: \Q = 1'1
Found init rule in `\DFFNP.$proc$/home/julian/Documents/TEC/Dise$c3$b1o_L$c3$b3gico/oss-cad-suite-linux-x64-20230210/oss-cad-suite/lib/../share/yosys/gowin/cells_sim.v:0$246'.
  Set init value: \Q = 1'1
Found init rule in `\DFFNRE.$proc$/home/julian/Documents/TEC/Dise$c3$b1o_L$c3$b3gico/oss-cad-suite-linux-x64-20230210/oss-cad-suite/lib/../share/yosys/gowin/cells_sim.v:0$244'.
  Set init value: \Q = 1'0
Found init rule in `\DFFNR.$proc$/home/julian/Documents/TEC/Dise$c3$b1o_L$c3$b3gico/oss-cad-suite-linux-x64-20230210/oss-cad-suite/lib/../share/yosys/gowin/cells_sim.v:0$242'.
  Set init value: \Q = 1'0
Found init rule in `\DFFNSE.$proc$/home/julian/Documents/TEC/Dise$c3$b1o_L$c3$b3gico/oss-cad-suite-linux-x64-20230210/oss-cad-suite/lib/../share/yosys/gowin/cells_sim.v:0$240'.
  Set init value: \Q = 1'1
Found init rule in `\DFFNS.$proc$/home/julian/Documents/TEC/Dise$c3$b1o_L$c3$b3gico/oss-cad-suite-linux-x64-20230210/oss-cad-suite/lib/../share/yosys/gowin/cells_sim.v:0$238'.
  Set init value: \Q = 1'1
Found init rule in `\DFFNE.$proc$/home/julian/Documents/TEC/Dise$c3$b1o_L$c3$b3gico/oss-cad-suite-linux-x64-20230210/oss-cad-suite/lib/../share/yosys/gowin/cells_sim.v:0$236'.
  Set init value: \Q = 1'0
Found init rule in `\DFFN.$proc$/home/julian/Documents/TEC/Dise$c3$b1o_L$c3$b3gico/oss-cad-suite-linux-x64-20230210/oss-cad-suite/lib/../share/yosys/gowin/cells_sim.v:0$234'.
  Set init value: \Q = 1'0
Found init rule in `\DFFCE.$proc$/home/julian/Documents/TEC/Dise$c3$b1o_L$c3$b3gico/oss-cad-suite-linux-x64-20230210/oss-cad-suite/lib/../share/yosys/gowin/cells_sim.v:0$232'.
  Set init value: \Q = 1'0
Found init rule in `\DFFC.$proc$/home/julian/Documents/TEC/Dise$c3$b1o_L$c3$b3gico/oss-cad-suite-linux-x64-20230210/oss-cad-suite/lib/../share/yosys/gowin/cells_sim.v:0$230'.
  Set init value: \Q = 1'0
Found init rule in `\DFFPE.$proc$/home/julian/Documents/TEC/Dise$c3$b1o_L$c3$b3gico/oss-cad-suite-linux-x64-20230210/oss-cad-suite/lib/../share/yosys/gowin/cells_sim.v:0$228'.
  Set init value: \Q = 1'1
Found init rule in `\DFFP.$proc$/home/julian/Documents/TEC/Dise$c3$b1o_L$c3$b3gico/oss-cad-suite-linux-x64-20230210/oss-cad-suite/lib/../share/yosys/gowin/cells_sim.v:0$226'.
  Set init value: \Q = 1'1
Found init rule in `\DFFRE.$proc$/home/julian/Documents/TEC/Dise$c3$b1o_L$c3$b3gico/oss-cad-suite-linux-x64-20230210/oss-cad-suite/lib/../share/yosys/gowin/cells_sim.v:0$224'.
  Set init value: \Q = 1'0
Found init rule in `\DFFR.$proc$/home/julian/Documents/TEC/Dise$c3$b1o_L$c3$b3gico/oss-cad-suite-linux-x64-20230210/oss-cad-suite/lib/../share/yosys/gowin/cells_sim.v:0$222'.
  Set init value: \Q = 1'0
Found init rule in `\DFFSE.$proc$/home/julian/Documents/TEC/Dise$c3$b1o_L$c3$b3gico/oss-cad-suite-linux-x64-20230210/oss-cad-suite/lib/../share/yosys/gowin/cells_sim.v:0$220'.
  Set init value: \Q = 1'1
Found init rule in `\DFFS.$proc$/home/julian/Documents/TEC/Dise$c3$b1o_L$c3$b3gico/oss-cad-suite-linux-x64-20230210/oss-cad-suite/lib/../share/yosys/gowin/cells_sim.v:0$218'.
  Set init value: \Q = 1'1
Found init rule in `\DFFE.$proc$/home/julian/Documents/TEC/Dise$c3$b1o_L$c3$b3gico/oss-cad-suite-linux-x64-20230210/oss-cad-suite/lib/../share/yosys/gowin/cells_sim.v:0$216'.
  Set init value: \Q = 1'0
Found init rule in `\DFF.$proc$/home/julian/Documents/TEC/Dise$c3$b1o_L$c3$b3gico/oss-cad-suite-linux-x64-20230210/oss-cad-suite/lib/../share/yosys/gowin/cells_sim.v:0$214'.
  Set init value: \Q = 1'0

5.3.5. Executing PROC_ARST pass (detect async resets in processes).
Found async reset \CLEAR in `\DFFNCE.$proc$/home/julian/Documents/TEC/Dise$c3$b1o_L$c3$b3gico/oss-cad-suite-linux-x64-20230210/oss-cad-suite/lib/../share/yosys/gowin/cells_sim.v:535$251'.
Found async reset \CLEAR in `\DFFNC.$proc$/home/julian/Documents/TEC/Dise$c3$b1o_L$c3$b3gico/oss-cad-suite-linux-x64-20230210/oss-cad-suite/lib/../share/yosys/gowin/cells_sim.v:515$249'.
Found async reset \PRESET in `\DFFNPE.$proc$/home/julian/Documents/TEC/Dise$c3$b1o_L$c3$b3gico/oss-cad-suite-linux-x64-20230210/oss-cad-suite/lib/../share/yosys/gowin/cells_sim.v:496$247'.
Found async reset \PRESET in `\DFFNP.$proc$/home/julian/Documents/TEC/Dise$c3$b1o_L$c3$b3gico/oss-cad-suite-linux-x64-20230210/oss-cad-suite/lib/../share/yosys/gowin/cells_sim.v:476$245'.
Found async reset \CLEAR in `\DFFCE.$proc$/home/julian/Documents/TEC/Dise$c3$b1o_L$c3$b3gico/oss-cad-suite-linux-x64-20230210/oss-cad-suite/lib/../share/yosys/gowin/cells_sim.v:348$231'.
Found async reset \CLEAR in `\DFFC.$proc$/home/julian/Documents/TEC/Dise$c3$b1o_L$c3$b3gico/oss-cad-suite-linux-x64-20230210/oss-cad-suite/lib/../share/yosys/gowin/cells_sim.v:328$229'.
Found async reset \PRESET in `\DFFPE.$proc$/home/julian/Documents/TEC/Dise$c3$b1o_L$c3$b3gico/oss-cad-suite-linux-x64-20230210/oss-cad-suite/lib/../share/yosys/gowin/cells_sim.v:309$227'.
Found async reset \PRESET in `\DFFP.$proc$/home/julian/Documents/TEC/Dise$c3$b1o_L$c3$b3gico/oss-cad-suite-linux-x64-20230210/oss-cad-suite/lib/../share/yosys/gowin/cells_sim.v:289$225'.
Found async reset \rst in `\display.$proc$../design/display.sv:35$10'.
Found async reset \rst in `\display.$proc$../design/display.sv:23$8'.

5.3.6. Executing PROC_ROM pass (convert switches to ROMs).
Converted 1 switch.
<suppressed ~21 debug messages>

5.3.7. Executing PROC_MUX pass (convert decision trees to multiplexers).
Creating decoders for process `\ALU.$proc$/home/julian/Documents/TEC/Dise$c3$b1o_L$c3$b3gico/oss-cad-suite-linux-x64-20230210/oss-cad-suite/lib/../share/yosys/gowin/cells_sim.v:661$255'.
Creating decoders for process `\DFFNCE.$proc$/home/julian/Documents/TEC/Dise$c3$b1o_L$c3$b3gico/oss-cad-suite-linux-x64-20230210/oss-cad-suite/lib/../share/yosys/gowin/cells_sim.v:0$252'.
Creating decoders for process `\DFFNCE.$proc$/home/julian/Documents/TEC/Dise$c3$b1o_L$c3$b3gico/oss-cad-suite-linux-x64-20230210/oss-cad-suite/lib/../share/yosys/gowin/cells_sim.v:535$251'.
     1/1: $0\Q[0:0]
Creating decoders for process `\DFFNC.$proc$/home/julian/Documents/TEC/Dise$c3$b1o_L$c3$b3gico/oss-cad-suite-linux-x64-20230210/oss-cad-suite/lib/../share/yosys/gowin/cells_sim.v:0$250'.
Creating decoders for process `\DFFNC.$proc$/home/julian/Documents/TEC/Dise$c3$b1o_L$c3$b3gico/oss-cad-suite-linux-x64-20230210/oss-cad-suite/lib/../share/yosys/gowin/cells_sim.v:515$249'.
     1/1: $0\Q[0:0]
Creating decoders for process `\DFFNPE.$proc$/home/julian/Documents/TEC/Dise$c3$b1o_L$c3$b3gico/oss-cad-suite-linux-x64-20230210/oss-cad-suite/lib/../share/yosys/gowin/cells_sim.v:0$248'.
Creating decoders for process `\DFFNPE.$proc$/home/julian/Documents/TEC/Dise$c3$b1o_L$c3$b3gico/oss-cad-suite-linux-x64-20230210/oss-cad-suite/lib/../share/yosys/gowin/cells_sim.v:496$247'.
     1/1: $0\Q[0:0]
Creating decoders for process `\DFFNP.$proc$/home/julian/Documents/TEC/Dise$c3$b1o_L$c3$b3gico/oss-cad-suite-linux-x64-20230210/oss-cad-suite/lib/../share/yosys/gowin/cells_sim.v:0$246'.
Creating decoders for process `\DFFNP.$proc$/home/julian/Documents/TEC/Dise$c3$b1o_L$c3$b3gico/oss-cad-suite-linux-x64-20230210/oss-cad-suite/lib/../share/yosys/gowin/cells_sim.v:476$245'.
     1/1: $0\Q[0:0]
Creating decoders for process `\DFFNRE.$proc$/home/julian/Documents/TEC/Dise$c3$b1o_L$c3$b3gico/oss-cad-suite-linux-x64-20230210/oss-cad-suite/lib/../share/yosys/gowin/cells_sim.v:0$244'.
Creating decoders for process `\DFFNRE.$proc$/home/julian/Documents/TEC/Dise$c3$b1o_L$c3$b3gico/oss-cad-suite-linux-x64-20230210/oss-cad-suite/lib/../share/yosys/gowin/cells_sim.v:457$243'.
     1/1: $0\Q[0:0]
Creating decoders for process `\DFFNR.$proc$/home/julian/Documents/TEC/Dise$c3$b1o_L$c3$b3gico/oss-cad-suite-linux-x64-20230210/oss-cad-suite/lib/../share/yosys/gowin/cells_sim.v:0$242'.
Creating decoders for process `\DFFNR.$proc$/home/julian/Documents/TEC/Dise$c3$b1o_L$c3$b3gico/oss-cad-suite-linux-x64-20230210/oss-cad-suite/lib/../share/yosys/gowin/cells_sim.v:437$241'.
     1/1: $0\Q[0:0]
Creating decoders for process `\DFFNSE.$proc$/home/julian/Documents/TEC/Dise$c3$b1o_L$c3$b3gico/oss-cad-suite-linux-x64-20230210/oss-cad-suite/lib/../share/yosys/gowin/cells_sim.v:0$240'.
Creating decoders for process `\DFFNSE.$proc$/home/julian/Documents/TEC/Dise$c3$b1o_L$c3$b3gico/oss-cad-suite-linux-x64-20230210/oss-cad-suite/lib/../share/yosys/gowin/cells_sim.v:418$239'.
     1/1: $0\Q[0:0]
Creating decoders for process `\DFFNS.$proc$/home/julian/Documents/TEC/Dise$c3$b1o_L$c3$b3gico/oss-cad-suite-linux-x64-20230210/oss-cad-suite/lib/../share/yosys/gowin/cells_sim.v:0$238'.
Creating decoders for process `\DFFNS.$proc$/home/julian/Documents/TEC/Dise$c3$b1o_L$c3$b3gico/oss-cad-suite-linux-x64-20230210/oss-cad-suite/lib/../share/yosys/gowin/cells_sim.v:398$237'.
     1/1: $0\Q[0:0]
Creating decoders for process `\DFFNE.$proc$/home/julian/Documents/TEC/Dise$c3$b1o_L$c3$b3gico/oss-cad-suite-linux-x64-20230210/oss-cad-suite/lib/../share/yosys/gowin/cells_sim.v:0$236'.
Creating decoders for process `\DFFNE.$proc$/home/julian/Documents/TEC/Dise$c3$b1o_L$c3$b3gico/oss-cad-suite-linux-x64-20230210/oss-cad-suite/lib/../share/yosys/gowin/cells_sim.v:381$235'.
     1/1: $0\Q[0:0]
Creating decoders for process `\DFFN.$proc$/home/julian/Documents/TEC/Dise$c3$b1o_L$c3$b3gico/oss-cad-suite-linux-x64-20230210/oss-cad-suite/lib/../share/yosys/gowin/cells_sim.v:0$234'.
Creating decoders for process `\DFFN.$proc$/home/julian/Documents/TEC/Dise$c3$b1o_L$c3$b3gico/oss-cad-suite-linux-x64-20230210/oss-cad-suite/lib/../share/yosys/gowin/cells_sim.v:366$233'.
Creating decoders for process `\DFFCE.$proc$/home/julian/Documents/TEC/Dise$c3$b1o_L$c3$b3gico/oss-cad-suite-linux-x64-20230210/oss-cad-suite/lib/../share/yosys/gowin/cells_sim.v:0$232'.
Creating decoders for process `\DFFCE.$proc$/home/julian/Documents/TEC/Dise$c3$b1o_L$c3$b3gico/oss-cad-suite-linux-x64-20230210/oss-cad-suite/lib/../share/yosys/gowin/cells_sim.v:348$231'.
     1/1: $0\Q[0:0]
Creating decoders for process `\DFFC.$proc$/home/julian/Documents/TEC/Dise$c3$b1o_L$c3$b3gico/oss-cad-suite-linux-x64-20230210/oss-cad-suite/lib/../share/yosys/gowin/cells_sim.v:0$230'.
Creating decoders for process `\DFFC.$proc$/home/julian/Documents/TEC/Dise$c3$b1o_L$c3$b3gico/oss-cad-suite-linux-x64-20230210/oss-cad-suite/lib/../share/yosys/gowin/cells_sim.v:328$229'.
     1/1: $0\Q[0:0]
Creating decoders for process `\DFFPE.$proc$/home/julian/Documents/TEC/Dise$c3$b1o_L$c3$b3gico/oss-cad-suite-linux-x64-20230210/oss-cad-suite/lib/../share/yosys/gowin/cells_sim.v:0$228'.
Creating decoders for process `\DFFPE.$proc$/home/julian/Documents/TEC/Dise$c3$b1o_L$c3$b3gico/oss-cad-suite-linux-x64-20230210/oss-cad-suite/lib/../share/yosys/gowin/cells_sim.v:309$227'.
     1/1: $0\Q[0:0]
Creating decoders for process `\DFFP.$proc$/home/julian/Documents/TEC/Dise$c3$b1o_L$c3$b3gico/oss-cad-suite-linux-x64-20230210/oss-cad-suite/lib/../share/yosys/gowin/cells_sim.v:0$226'.
Creating decoders for process `\DFFP.$proc$/home/julian/Documents/TEC/Dise$c3$b1o_L$c3$b3gico/oss-cad-suite-linux-x64-20230210/oss-cad-suite/lib/../share/yosys/gowin/cells_sim.v:289$225'.
     1/1: $0\Q[0:0]
Creating decoders for process `\DFFRE.$proc$/home/julian/Documents/TEC/Dise$c3$b1o_L$c3$b3gico/oss-cad-suite-linux-x64-20230210/oss-cad-suite/lib/../share/yosys/gowin/cells_sim.v:0$224'.
Creating decoders for process `\DFFRE.$proc$/home/julian/Documents/TEC/Dise$c3$b1o_L$c3$b3gico/oss-cad-suite-linux-x64-20230210/oss-cad-suite/lib/../share/yosys/gowin/cells_sim.v:270$223'.
     1/1: $0\Q[0:0]
Creating decoders for process `\DFFR.$proc$/home/julian/Documents/TEC/Dise$c3$b1o_L$c3$b3gico/oss-cad-suite-linux-x64-20230210/oss-cad-suite/lib/../share/yosys/gowin/cells_sim.v:0$222'.
Creating decoders for process `\DFFR.$proc$/home/julian/Documents/TEC/Dise$c3$b1o_L$c3$b3gico/oss-cad-suite-linux-x64-20230210/oss-cad-suite/lib/../share/yosys/gowin/cells_sim.v:250$221'.
     1/1: $0\Q[0:0]
Creating decoders for process `\DFFSE.$proc$/home/julian/Documents/TEC/Dise$c3$b1o_L$c3$b3gico/oss-cad-suite-linux-x64-20230210/oss-cad-suite/lib/../share/yosys/gowin/cells_sim.v:0$220'.
Creating decoders for process `\DFFSE.$proc$/home/julian/Documents/TEC/Dise$c3$b1o_L$c3$b3gico/oss-cad-suite-linux-x64-20230210/oss-cad-suite/lib/../share/yosys/gowin/cells_sim.v:231$219'.
     1/1: $0\Q[0:0]
Creating decoders for process `\DFFS.$proc$/home/julian/Documents/TEC/Dise$c3$b1o_L$c3$b3gico/oss-cad-suite-linux-x64-20230210/oss-cad-suite/lib/../share/yosys/gowin/cells_sim.v:0$218'.
Creating decoders for process `\DFFS.$proc$/home/julian/Documents/TEC/Dise$c3$b1o_L$c3$b3gico/oss-cad-suite-linux-x64-20230210/oss-cad-suite/lib/../share/yosys/gowin/cells_sim.v:211$217'.
     1/1: $0\Q[0:0]
Creating decoders for process `\DFFE.$proc$/home/julian/Documents/TEC/Dise$c3$b1o_L$c3$b3gico/oss-cad-suite-linux-x64-20230210/oss-cad-suite/lib/../share/yosys/gowin/cells_sim.v:0$216'.
Creating decoders for process `\DFFE.$proc$/home/julian/Documents/TEC/Dise$c3$b1o_L$c3$b3gico/oss-cad-suite-linux-x64-20230210/oss-cad-suite/lib/../share/yosys/gowin/cells_sim.v:194$215'.
     1/1: $0\Q[0:0]
Creating decoders for process `\DFF.$proc$/home/julian/Documents/TEC/Dise$c3$b1o_L$c3$b3gico/oss-cad-suite-linux-x64-20230210/oss-cad-suite/lib/../share/yosys/gowin/cells_sim.v:0$214'.
Creating decoders for process `\DFF.$proc$/home/julian/Documents/TEC/Dise$c3$b1o_L$c3$b3gico/oss-cad-suite-linux-x64-20230210/oss-cad-suite/lib/../share/yosys/gowin/cells_sim.v:179$213'.
Creating decoders for process `\display.$proc$../design/display.sv:78$13'.
     1/1: $1\lit_segs[6:0]
Creating decoders for process `\display.$proc$../design/display.sv:62$12'.
     1/1: $1\current_digit[3:0]
Creating decoders for process `\display.$proc$../design/display.sv:35$10'.
     1/3: $2\cycled_digit[1:0]
     2/3: $1\cycled_digit[1:0]
     3/3: $0\lit_digit[3:0]
Creating decoders for process `\display.$proc$../design/display.sv:23$8'.
     1/1: $0\scan_cnt[13:0]

5.3.8. Executing PROC_DLATCH pass (convert process syncs to latches).
No latch inferred for signal `\display.\lit_segs' from process `\display.$proc$../design/display.sv:78$13'.
No latch inferred for signal `\display.\current_digit' from process `\display.$proc$../design/display.sv:62$12'.

5.3.9. Executing PROC_DFF pass (convert process syncs to FFs).
Creating register for signal `\ALU.\C' using process `\ALU.$proc$/home/julian/Documents/TEC/Dise$c3$b1o_L$c3$b3gico/oss-cad-suite-linux-x64-20230210/oss-cad-suite/lib/../share/yosys/gowin/cells_sim.v:661$255'.
  created direct connection (no actual register cell created).
Creating register for signal `\ALU.\S' using process `\ALU.$proc$/home/julian/Documents/TEC/Dise$c3$b1o_L$c3$b3gico/oss-cad-suite-linux-x64-20230210/oss-cad-suite/lib/../share/yosys/gowin/cells_sim.v:661$255'.
  created direct connection (no actual register cell created).
Creating register for signal `\DFFNCE.\Q' using process `\DFFNCE.$proc$/home/julian/Documents/TEC/Dise$c3$b1o_L$c3$b3gico/oss-cad-suite-linux-x64-20230210/oss-cad-suite/lib/../share/yosys/gowin/cells_sim.v:535$251'.
  created $adff cell `$procdff$364' with negative edge clock and positive level reset.
Creating register for signal `\DFFNC.\Q' using process `\DFFNC.$proc$/home/julian/Documents/TEC/Dise$c3$b1o_L$c3$b3gico/oss-cad-suite-linux-x64-20230210/oss-cad-suite/lib/../share/yosys/gowin/cells_sim.v:515$249'.
  created $adff cell `$procdff$365' with negative edge clock and positive level reset.
Creating register for signal `\DFFNPE.\Q' using process `\DFFNPE.$proc$/home/julian/Documents/TEC/Dise$c3$b1o_L$c3$b3gico/oss-cad-suite-linux-x64-20230210/oss-cad-suite/lib/../share/yosys/gowin/cells_sim.v:496$247'.
  created $adff cell `$procdff$366' with negative edge clock and positive level reset.
Creating register for signal `\DFFNP.\Q' using process `\DFFNP.$proc$/home/julian/Documents/TEC/Dise$c3$b1o_L$c3$b3gico/oss-cad-suite-linux-x64-20230210/oss-cad-suite/lib/../share/yosys/gowin/cells_sim.v:476$245'.
  created $adff cell `$procdff$367' with negative edge clock and positive level reset.
Creating register for signal `\DFFNRE.\Q' using process `\DFFNRE.$proc$/home/julian/Documents/TEC/Dise$c3$b1o_L$c3$b3gico/oss-cad-suite-linux-x64-20230210/oss-cad-suite/lib/../share/yosys/gowin/cells_sim.v:457$243'.
  created $dff cell `$procdff$368' with negative edge clock.
Creating register for signal `\DFFNR.\Q' using process `\DFFNR.$proc$/home/julian/Documents/TEC/Dise$c3$b1o_L$c3$b3gico/oss-cad-suite-linux-x64-20230210/oss-cad-suite/lib/../share/yosys/gowin/cells_sim.v:437$241'.
  created $dff cell `$procdff$369' with negative edge clock.
Creating register for signal `\DFFNSE.\Q' using process `\DFFNSE.$proc$/home/julian/Documents/TEC/Dise$c3$b1o_L$c3$b3gico/oss-cad-suite-linux-x64-20230210/oss-cad-suite/lib/../share/yosys/gowin/cells_sim.v:418$239'.
  created $dff cell `$procdff$370' with negative edge clock.
Creating register for signal `\DFFNS.\Q' using process `\DFFNS.$proc$/home/julian/Documents/TEC/Dise$c3$b1o_L$c3$b3gico/oss-cad-suite-linux-x64-20230210/oss-cad-suite/lib/../share/yosys/gowin/cells_sim.v:398$237'.
  created $dff cell `$procdff$371' with negative edge clock.
Creating register for signal `\DFFNE.\Q' using process `\DFFNE.$proc$/home/julian/Documents/TEC/Dise$c3$b1o_L$c3$b3gico/oss-cad-suite-linux-x64-20230210/oss-cad-suite/lib/../share/yosys/gowin/cells_sim.v:381$235'.
  created $dff cell `$procdff$372' with negative edge clock.
Creating register for signal `\DFFN.\Q' using process `\DFFN.$proc$/home/julian/Documents/TEC/Dise$c3$b1o_L$c3$b3gico/oss-cad-suite-linux-x64-20230210/oss-cad-suite/lib/../share/yosys/gowin/cells_sim.v:366$233'.
  created $dff cell `$procdff$373' with negative edge clock.
Creating register for signal `\DFFCE.\Q' using process `\DFFCE.$proc$/home/julian/Documents/TEC/Dise$c3$b1o_L$c3$b3gico/oss-cad-suite-linux-x64-20230210/oss-cad-suite/lib/../share/yosys/gowin/cells_sim.v:348$231'.
  created $adff cell `$procdff$374' with positive edge clock and positive level reset.
Creating register for signal `\DFFC.\Q' using process `\DFFC.$proc$/home/julian/Documents/TEC/Dise$c3$b1o_L$c3$b3gico/oss-cad-suite-linux-x64-20230210/oss-cad-suite/lib/../share/yosys/gowin/cells_sim.v:328$229'.
  created $adff cell `$procdff$375' with positive edge clock and positive level reset.
Creating register for signal `\DFFPE.\Q' using process `\DFFPE.$proc$/home/julian/Documents/TEC/Dise$c3$b1o_L$c3$b3gico/oss-cad-suite-linux-x64-20230210/oss-cad-suite/lib/../share/yosys/gowin/cells_sim.v:309$227'.
  created $adff cell `$procdff$376' with positive edge clock and positive level reset.
Creating register for signal `\DFFP.\Q' using process `\DFFP.$proc$/home/julian/Documents/TEC/Dise$c3$b1o_L$c3$b3gico/oss-cad-suite-linux-x64-20230210/oss-cad-suite/lib/../share/yosys/gowin/cells_sim.v:289$225'.
  created $adff cell `$procdff$377' with positive edge clock and positive level reset.
Creating register for signal `\DFFRE.\Q' using process `\DFFRE.$proc$/home/julian/Documents/TEC/Dise$c3$b1o_L$c3$b3gico/oss-cad-suite-linux-x64-20230210/oss-cad-suite/lib/../share/yosys/gowin/cells_sim.v:270$223'.
  created $dff cell `$procdff$378' with positive edge clock.
Creating register for signal `\DFFR.\Q' using process `\DFFR.$proc$/home/julian/Documents/TEC/Dise$c3$b1o_L$c3$b3gico/oss-cad-suite-linux-x64-20230210/oss-cad-suite/lib/../share/yosys/gowin/cells_sim.v:250$221'.
  created $dff cell `$procdff$379' with positive edge clock.
Creating register for signal `\DFFSE.\Q' using process `\DFFSE.$proc$/home/julian/Documents/TEC/Dise$c3$b1o_L$c3$b3gico/oss-cad-suite-linux-x64-20230210/oss-cad-suite/lib/../share/yosys/gowin/cells_sim.v:231$219'.
  created $dff cell `$procdff$380' with positive edge clock.
Creating register for signal `\DFFS.\Q' using process `\DFFS.$proc$/home/julian/Documents/TEC/Dise$c3$b1o_L$c3$b3gico/oss-cad-suite-linux-x64-20230210/oss-cad-suite/lib/../share/yosys/gowin/cells_sim.v:211$217'.
  created $dff cell `$procdff$381' with positive edge clock.
Creating register for signal `\DFFE.\Q' using process `\DFFE.$proc$/home/julian/Documents/TEC/Dise$c3$b1o_L$c3$b3gico/oss-cad-suite-linux-x64-20230210/oss-cad-suite/lib/../share/yosys/gowin/cells_sim.v:194$215'.
  created $dff cell `$procdff$382' with positive edge clock.
Creating register for signal `\DFF.\Q' using process `\DFF.$proc$/home/julian/Documents/TEC/Dise$c3$b1o_L$c3$b3gico/oss-cad-suite-linux-x64-20230210/oss-cad-suite/lib/../share/yosys/gowin/cells_sim.v:179$213'.
  created $dff cell `$procdff$383' with positive edge clock.
Creating register for signal `\display.\lit_digit' using process `\display.$proc$../design/display.sv:35$10'.
  created $adff cell `$procdff$384' with positive edge clock and positive level reset.
Creating register for signal `\display.\cycled_digit' using process `\display.$proc$../design/display.sv:35$10'.
  created $adff cell `$procdff$385' with positive edge clock and positive level reset.
Creating register for signal `\display.\scan_cnt' using process `\display.$proc$../design/display.sv:23$8'.
  created $adff cell `$procdff$386' with positive edge clock and positive level reset.

5.3.10. Executing PROC_MEMWR pass (convert process memory writes to cells).

5.3.11. Executing PROC_CLEAN pass (remove empty switches from decision trees).
Removing empty process `ALU.$proc$/home/julian/Documents/TEC/Dise$c3$b1o_L$c3$b3gico/oss-cad-suite-linux-x64-20230210/oss-cad-suite/lib/../share/yosys/gowin/cells_sim.v:661$255'.
Removing empty process `DFFNCE.$proc$/home/julian/Documents/TEC/Dise$c3$b1o_L$c3$b3gico/oss-cad-suite-linux-x64-20230210/oss-cad-suite/lib/../share/yosys/gowin/cells_sim.v:0$252'.
Found and cleaned up 1 empty switch in `\DFFNCE.$proc$/home/julian/Documents/TEC/Dise$c3$b1o_L$c3$b3gico/oss-cad-suite-linux-x64-20230210/oss-cad-suite/lib/../share/yosys/gowin/cells_sim.v:535$251'.
Removing empty process `DFFNCE.$proc$/home/julian/Documents/TEC/Dise$c3$b1o_L$c3$b3gico/oss-cad-suite-linux-x64-20230210/oss-cad-suite/lib/../share/yosys/gowin/cells_sim.v:535$251'.
Removing empty process `DFFNC.$proc$/home/julian/Documents/TEC/Dise$c3$b1o_L$c3$b3gico/oss-cad-suite-linux-x64-20230210/oss-cad-suite/lib/../share/yosys/gowin/cells_sim.v:0$250'.
Removing empty process `DFFNC.$proc$/home/julian/Documents/TEC/Dise$c3$b1o_L$c3$b3gico/oss-cad-suite-linux-x64-20230210/oss-cad-suite/lib/../share/yosys/gowin/cells_sim.v:515$249'.
Removing empty process `DFFNPE.$proc$/home/julian/Documents/TEC/Dise$c3$b1o_L$c3$b3gico/oss-cad-suite-linux-x64-20230210/oss-cad-suite/lib/../share/yosys/gowin/cells_sim.v:0$248'.
Found and cleaned up 1 empty switch in `\DFFNPE.$proc$/home/julian/Documents/TEC/Dise$c3$b1o_L$c3$b3gico/oss-cad-suite-linux-x64-20230210/oss-cad-suite/lib/../share/yosys/gowin/cells_sim.v:496$247'.
Removing empty process `DFFNPE.$proc$/home/julian/Documents/TEC/Dise$c3$b1o_L$c3$b3gico/oss-cad-suite-linux-x64-20230210/oss-cad-suite/lib/../share/yosys/gowin/cells_sim.v:496$247'.
Removing empty process `DFFNP.$proc$/home/julian/Documents/TEC/Dise$c3$b1o_L$c3$b3gico/oss-cad-suite-linux-x64-20230210/oss-cad-suite/lib/../share/yosys/gowin/cells_sim.v:0$246'.
Removing empty process `DFFNP.$proc$/home/julian/Documents/TEC/Dise$c3$b1o_L$c3$b3gico/oss-cad-suite-linux-x64-20230210/oss-cad-suite/lib/../share/yosys/gowin/cells_sim.v:476$245'.
Removing empty process `DFFNRE.$proc$/home/julian/Documents/TEC/Dise$c3$b1o_L$c3$b3gico/oss-cad-suite-linux-x64-20230210/oss-cad-suite/lib/../share/yosys/gowin/cells_sim.v:0$244'.
Found and cleaned up 2 empty switches in `\DFFNRE.$proc$/home/julian/Documents/TEC/Dise$c3$b1o_L$c3$b3gico/oss-cad-suite-linux-x64-20230210/oss-cad-suite/lib/../share/yosys/gowin/cells_sim.v:457$243'.
Removing empty process `DFFNRE.$proc$/home/julian/Documents/TEC/Dise$c3$b1o_L$c3$b3gico/oss-cad-suite-linux-x64-20230210/oss-cad-suite/lib/../share/yosys/gowin/cells_sim.v:457$243'.
Removing empty process `DFFNR.$proc$/home/julian/Documents/TEC/Dise$c3$b1o_L$c3$b3gico/oss-cad-suite-linux-x64-20230210/oss-cad-suite/lib/../share/yosys/gowin/cells_sim.v:0$242'.
Found and cleaned up 1 empty switch in `\DFFNR.$proc$/home/julian/Documents/TEC/Dise$c3$b1o_L$c3$b3gico/oss-cad-suite-linux-x64-20230210/oss-cad-suite/lib/../share/yosys/gowin/cells_sim.v:437$241'.
Removing empty process `DFFNR.$proc$/home/julian/Documents/TEC/Dise$c3$b1o_L$c3$b3gico/oss-cad-suite-linux-x64-20230210/oss-cad-suite/lib/../share/yosys/gowin/cells_sim.v:437$241'.
Removing empty process `DFFNSE.$proc$/home/julian/Documents/TEC/Dise$c3$b1o_L$c3$b3gico/oss-cad-suite-linux-x64-20230210/oss-cad-suite/lib/../share/yosys/gowin/cells_sim.v:0$240'.
Found and cleaned up 2 empty switches in `\DFFNSE.$proc$/home/julian/Documents/TEC/Dise$c3$b1o_L$c3$b3gico/oss-cad-suite-linux-x64-20230210/oss-cad-suite/lib/../share/yosys/gowin/cells_sim.v:418$239'.
Removing empty process `DFFNSE.$proc$/home/julian/Documents/TEC/Dise$c3$b1o_L$c3$b3gico/oss-cad-suite-linux-x64-20230210/oss-cad-suite/lib/../share/yosys/gowin/cells_sim.v:418$239'.
Removing empty process `DFFNS.$proc$/home/julian/Documents/TEC/Dise$c3$b1o_L$c3$b3gico/oss-cad-suite-linux-x64-20230210/oss-cad-suite/lib/../share/yosys/gowin/cells_sim.v:0$238'.
Found and cleaned up 1 empty switch in `\DFFNS.$proc$/home/julian/Documents/TEC/Dise$c3$b1o_L$c3$b3gico/oss-cad-suite-linux-x64-20230210/oss-cad-suite/lib/../share/yosys/gowin/cells_sim.v:398$237'.
Removing empty process `DFFNS.$proc$/home/julian/Documents/TEC/Dise$c3$b1o_L$c3$b3gico/oss-cad-suite-linux-x64-20230210/oss-cad-suite/lib/../share/yosys/gowin/cells_sim.v:398$237'.
Removing empty process `DFFNE.$proc$/home/julian/Documents/TEC/Dise$c3$b1o_L$c3$b3gico/oss-cad-suite-linux-x64-20230210/oss-cad-suite/lib/../share/yosys/gowin/cells_sim.v:0$236'.
Found and cleaned up 1 empty switch in `\DFFNE.$proc$/home/julian/Documents/TEC/Dise$c3$b1o_L$c3$b3gico/oss-cad-suite-linux-x64-20230210/oss-cad-suite/lib/../share/yosys/gowin/cells_sim.v:381$235'.
Removing empty process `DFFNE.$proc$/home/julian/Documents/TEC/Dise$c3$b1o_L$c3$b3gico/oss-cad-suite-linux-x64-20230210/oss-cad-suite/lib/../share/yosys/gowin/cells_sim.v:381$235'.
Removing empty process `DFFN.$proc$/home/julian/Documents/TEC/Dise$c3$b1o_L$c3$b3gico/oss-cad-suite-linux-x64-20230210/oss-cad-suite/lib/../share/yosys/gowin/cells_sim.v:0$234'.
Removing empty process `DFFN.$proc$/home/julian/Documents/TEC/Dise$c3$b1o_L$c3$b3gico/oss-cad-suite-linux-x64-20230210/oss-cad-suite/lib/../share/yosys/gowin/cells_sim.v:366$233'.
Removing empty process `DFFCE.$proc$/home/julian/Documents/TEC/Dise$c3$b1o_L$c3$b3gico/oss-cad-suite-linux-x64-20230210/oss-cad-suite/lib/../share/yosys/gowin/cells_sim.v:0$232'.
Found and cleaned up 1 empty switch in `\DFFCE.$proc$/home/julian/Documents/TEC/Dise$c3$b1o_L$c3$b3gico/oss-cad-suite-linux-x64-20230210/oss-cad-suite/lib/../share/yosys/gowin/cells_sim.v:348$231'.
Removing empty process `DFFCE.$proc$/home/julian/Documents/TEC/Dise$c3$b1o_L$c3$b3gico/oss-cad-suite-linux-x64-20230210/oss-cad-suite/lib/../share/yosys/gowin/cells_sim.v:348$231'.
Removing empty process `DFFC.$proc$/home/julian/Documents/TEC/Dise$c3$b1o_L$c3$b3gico/oss-cad-suite-linux-x64-20230210/oss-cad-suite/lib/../share/yosys/gowin/cells_sim.v:0$230'.
Removing empty process `DFFC.$proc$/home/julian/Documents/TEC/Dise$c3$b1o_L$c3$b3gico/oss-cad-suite-linux-x64-20230210/oss-cad-suite/lib/../share/yosys/gowin/cells_sim.v:328$229'.
Removing empty process `DFFPE.$proc$/home/julian/Documents/TEC/Dise$c3$b1o_L$c3$b3gico/oss-cad-suite-linux-x64-20230210/oss-cad-suite/lib/../share/yosys/gowin/cells_sim.v:0$228'.
Found and cleaned up 1 empty switch in `\DFFPE.$proc$/home/julian/Documents/TEC/Dise$c3$b1o_L$c3$b3gico/oss-cad-suite-linux-x64-20230210/oss-cad-suite/lib/../share/yosys/gowin/cells_sim.v:309$227'.
Removing empty process `DFFPE.$proc$/home/julian/Documents/TEC/Dise$c3$b1o_L$c3$b3gico/oss-cad-suite-linux-x64-20230210/oss-cad-suite/lib/../share/yosys/gowin/cells_sim.v:309$227'.
Removing empty process `DFFP.$proc$/home/julian/Documents/TEC/Dise$c3$b1o_L$c3$b3gico/oss-cad-suite-linux-x64-20230210/oss-cad-suite/lib/../share/yosys/gowin/cells_sim.v:0$226'.
Removing empty process `DFFP.$proc$/home/julian/Documents/TEC/Dise$c3$b1o_L$c3$b3gico/oss-cad-suite-linux-x64-20230210/oss-cad-suite/lib/../share/yosys/gowin/cells_sim.v:289$225'.
Removing empty process `DFFRE.$proc$/home/julian/Documents/TEC/Dise$c3$b1o_L$c3$b3gico/oss-cad-suite-linux-x64-20230210/oss-cad-suite/lib/../share/yosys/gowin/cells_sim.v:0$224'.
Found and cleaned up 2 empty switches in `\DFFRE.$proc$/home/julian/Documents/TEC/Dise$c3$b1o_L$c3$b3gico/oss-cad-suite-linux-x64-20230210/oss-cad-suite/lib/../share/yosys/gowin/cells_sim.v:270$223'.
Removing empty process `DFFRE.$proc$/home/julian/Documents/TEC/Dise$c3$b1o_L$c3$b3gico/oss-cad-suite-linux-x64-20230210/oss-cad-suite/lib/../share/yosys/gowin/cells_sim.v:270$223'.
Removing empty process `DFFR.$proc$/home/julian/Documents/TEC/Dise$c3$b1o_L$c3$b3gico/oss-cad-suite-linux-x64-20230210/oss-cad-suite/lib/../share/yosys/gowin/cells_sim.v:0$222'.
Found and cleaned up 1 empty switch in `\DFFR.$proc$/home/julian/Documents/TEC/Dise$c3$b1o_L$c3$b3gico/oss-cad-suite-linux-x64-20230210/oss-cad-suite/lib/../share/yosys/gowin/cells_sim.v:250$221'.
Removing empty process `DFFR.$proc$/home/julian/Documents/TEC/Dise$c3$b1o_L$c3$b3gico/oss-cad-suite-linux-x64-20230210/oss-cad-suite/lib/../share/yosys/gowin/cells_sim.v:250$221'.
Removing empty process `DFFSE.$proc$/home/julian/Documents/TEC/Dise$c3$b1o_L$c3$b3gico/oss-cad-suite-linux-x64-20230210/oss-cad-suite/lib/../share/yosys/gowin/cells_sim.v:0$220'.
Found and cleaned up 2 empty switches in `\DFFSE.$proc$/home/julian/Documents/TEC/Dise$c3$b1o_L$c3$b3gico/oss-cad-suite-linux-x64-20230210/oss-cad-suite/lib/../share/yosys/gowin/cells_sim.v:231$219'.
Removing empty process `DFFSE.$proc$/home/julian/Documents/TEC/Dise$c3$b1o_L$c3$b3gico/oss-cad-suite-linux-x64-20230210/oss-cad-suite/lib/../share/yosys/gowin/cells_sim.v:231$219'.
Removing empty process `DFFS.$proc$/home/julian/Documents/TEC/Dise$c3$b1o_L$c3$b3gico/oss-cad-suite-linux-x64-20230210/oss-cad-suite/lib/../share/yosys/gowin/cells_sim.v:0$218'.
Found and cleaned up 1 empty switch in `\DFFS.$proc$/home/julian/Documents/TEC/Dise$c3$b1o_L$c3$b3gico/oss-cad-suite-linux-x64-20230210/oss-cad-suite/lib/../share/yosys/gowin/cells_sim.v:211$217'.
Removing empty process `DFFS.$proc$/home/julian/Documents/TEC/Dise$c3$b1o_L$c3$b3gico/oss-cad-suite-linux-x64-20230210/oss-cad-suite/lib/../share/yosys/gowin/cells_sim.v:211$217'.
Removing empty process `DFFE.$proc$/home/julian/Documents/TEC/Dise$c3$b1o_L$c3$b3gico/oss-cad-suite-linux-x64-20230210/oss-cad-suite/lib/../share/yosys/gowin/cells_sim.v:0$216'.
Found and cleaned up 1 empty switch in `\DFFE.$proc$/home/julian/Documents/TEC/Dise$c3$b1o_L$c3$b3gico/oss-cad-suite-linux-x64-20230210/oss-cad-suite/lib/../share/yosys/gowin/cells_sim.v:194$215'.
Removing empty process `DFFE.$proc$/home/julian/Documents/TEC/Dise$c3$b1o_L$c3$b3gico/oss-cad-suite-linux-x64-20230210/oss-cad-suite/lib/../share/yosys/gowin/cells_sim.v:194$215'.
Removing empty process `DFF.$proc$/home/julian/Documents/TEC/Dise$c3$b1o_L$c3$b3gico/oss-cad-suite-linux-x64-20230210/oss-cad-suite/lib/../share/yosys/gowin/cells_sim.v:0$214'.
Removing empty process `DFF.$proc$/home/julian/Documents/TEC/Dise$c3$b1o_L$c3$b3gico/oss-cad-suite-linux-x64-20230210/oss-cad-suite/lib/../share/yosys/gowin/cells_sim.v:179$213'.
Found and cleaned up 1 empty switch in `\display.$proc$../design/display.sv:78$13'.
Removing empty process `display.$proc$../design/display.sv:78$13'.
Found and cleaned up 1 empty switch in `\display.$proc$../design/display.sv:62$12'.
Removing empty process `display.$proc$../design/display.sv:62$12'.
Found and cleaned up 2 empty switches in `\display.$proc$../design/display.sv:35$10'.
Removing empty process `display.$proc$../design/display.sv:35$10'.
Removing empty process `display.$proc$../design/display.sv:23$8'.
Cleaned up 22 empty switches.

5.3.12. Executing OPT_EXPR pass (perform const folding).
Optimizing module display.
<suppressed ~6 debug messages>

5.4. Executing FLATTEN pass (flatten design).

5.5. Executing TRIBUF pass.

5.6. Executing DEMINOUT pass (demote inout ports to input or output).

5.7. Executing SYNTH pass.

5.7.1. Executing PROC pass (convert processes to netlists).

5.7.1.1. Executing PROC_CLEAN pass (remove empty switches from decision trees).
Cleaned up 0 empty switches.

5.7.1.2. Executing PROC_RMDEAD pass (remove dead branches from decision trees).
Removed a total of 0 dead cases.

5.7.1.3. Executing PROC_PRUNE pass (remove redundant assignments in processes).
Removed 0 redundant assignments.
Promoted 0 assignments to connections.

5.7.1.4. Executing PROC_INIT pass (extract init attributes).

5.7.1.5. Executing PROC_ARST pass (detect async resets in processes).

5.7.1.6. Executing PROC_ROM pass (convert switches to ROMs).
Converted 0 switches.

5.7.1.7. Executing PROC_MUX pass (convert decision trees to multiplexers).

5.7.1.8. Executing PROC_DLATCH pass (convert process syncs to latches).

5.7.1.9. Executing PROC_DFF pass (convert process syncs to FFs).

5.7.1.10. Executing PROC_MEMWR pass (convert process memory writes to cells).

5.7.1.11. Executing PROC_CLEAN pass (remove empty switches from decision trees).
Cleaned up 0 empty switches.

5.7.1.12. Executing OPT_EXPR pass (perform const folding).
Optimizing module display.

5.7.2. Executing OPT_EXPR pass (perform const folding).
Optimizing module display.

5.7.3. Executing OPT_CLEAN pass (remove unused cells and wires).
Finding unused cells or wires in module \display..
Removed 1 unused cells and 16 unused wires.
<suppressed ~4 debug messages>

5.7.4. Executing CHECK pass (checking for obvious problems).
Checking module display...
Found and reported 0 problems.

5.7.5. Executing OPT pass (performing simple optimizations).

5.7.5.1. Executing OPT_EXPR pass (perform const folding).
Optimizing module display.

5.7.5.2. Executing OPT_MERGE pass (detect identical cells).
Finding identical cells in module `\display'.
Removed a total of 0 cells.

5.7.5.3. Executing OPT_MUXTREE pass (detect dead branches in mux trees).
Running muxtree optimizer on module \display..
  Creating internal representation of mux trees.
  Evaluating internal representation of mux trees.
  Analyzing evaluation results.
Removed 0 multiplexer ports.
<suppressed ~3 debug messages>

5.7.5.4. Executing OPT_REDUCE pass (consolidate $*mux and $reduce_* inputs).
  Optimizing cells in module \display.
Performed a total of 0 changes.

5.7.5.5. Executing OPT_MERGE pass (detect identical cells).
Finding identical cells in module `\display'.
Removed a total of 0 cells.

5.7.5.6. Executing OPT_DFF pass (perform DFF optimizations).

5.7.5.7. Executing OPT_CLEAN pass (remove unused cells and wires).
Finding unused cells or wires in module \display..

5.7.5.8. Executing OPT_EXPR pass (perform const folding).
Optimizing module display.

5.7.5.9. Finished OPT passes. (There is nothing left to do.)

5.7.6. Executing FSM pass (extract and optimize FSM).

5.7.6.1. Executing FSM_DETECT pass (finding FSMs in design).
Not marking display.lit_digit as FSM state register:
    Register is connected to module port.
    Users of register don't seem to benefit from recoding.

5.7.6.2. Executing FSM_EXTRACT pass (extracting FSM from design).

5.7.6.3. Executing FSM_OPT pass (simple optimizations of FSMs).

5.7.6.4. Executing OPT_CLEAN pass (remove unused cells and wires).
Finding unused cells or wires in module \display..

5.7.6.5. Executing FSM_OPT pass (simple optimizations of FSMs).

5.7.6.6. Executing FSM_RECODE pass (re-assigning FSM state encoding).

5.7.6.7. Executing FSM_INFO pass (dumping all available information on FSM cells).

5.7.6.8. Executing FSM_MAP pass (mapping FSMs to basic logic).

5.7.7. Executing OPT pass (performing simple optimizations).

5.7.7.1. Executing OPT_EXPR pass (perform const folding).
Optimizing module display.

5.7.7.2. Executing OPT_MERGE pass (detect identical cells).
Finding identical cells in module `\display'.
Removed a total of 0 cells.

5.7.7.3. Executing OPT_MUXTREE pass (detect dead branches in mux trees).
Running muxtree optimizer on module \display..
  Creating internal representation of mux trees.
  Evaluating internal representation of mux trees.
  Analyzing evaluation results.
Removed 0 multiplexer ports.
<suppressed ~3 debug messages>

5.7.7.4. Executing OPT_REDUCE pass (consolidate $*mux and $reduce_* inputs).
  Optimizing cells in module \display.
Performed a total of 0 changes.

5.7.7.5. Executing OPT_MERGE pass (detect identical cells).
Finding identical cells in module `\display'.
Removed a total of 0 cells.

5.7.7.6. Executing OPT_DFF pass (perform DFF optimizations).
Adding EN signal on $procdff$385 ($adff) from module display (D = $add$../design/display.sv:41$11_Y [1:0], Q = \cycled_digit).
Adding EN signal on $procdff$384 ($adff) from module display (D = $procmux$357_Y, Q = \lit_digit).

5.7.7.7. Executing OPT_CLEAN pass (remove unused cells and wires).
Finding unused cells or wires in module \display..
Removed 2 unused cells and 2 unused wires.
<suppressed ~3 debug messages>

5.7.7.8. Executing OPT_EXPR pass (perform const folding).
Optimizing module display.

5.7.7.9. Rerunning OPT passes. (Maybe there is more to do..)

5.7.7.10. Executing OPT_MUXTREE pass (detect dead branches in mux trees).
Running muxtree optimizer on module \display..
  Creating internal representation of mux trees.
  Evaluating internal representation of mux trees.
  Analyzing evaluation results.
Removed 0 multiplexer ports.
<suppressed ~2 debug messages>

5.7.7.11. Executing OPT_REDUCE pass (consolidate $*mux and $reduce_* inputs).
  Optimizing cells in module \display.
Performed a total of 0 changes.

5.7.7.12. Executing OPT_MERGE pass (detect identical cells).
Finding identical cells in module `\display'.
Removed a total of 0 cells.

5.7.7.13. Executing OPT_DFF pass (perform DFF optimizations).

5.7.7.14. Executing OPT_CLEAN pass (remove unused cells and wires).
Finding unused cells or wires in module \display..

5.7.7.15. Executing OPT_EXPR pass (perform const folding).
Optimizing module display.

5.7.7.16. Finished OPT passes. (There is nothing left to do.)

5.7.8. Executing WREDUCE pass (reducing word size of cells).
Removed top 28 address bits (of 32) from memory init port display.$auto$mem.cc:319:emit$302 ($auto$proc_rom.cc:150:do_switch$300).
Removed top 31 bits (of 32) from port B of cell display.$add$../design/display.sv:27$9 ($add).
Removed top 18 bits (of 32) from port Y of cell display.$add$../design/display.sv:27$9 ($add).
Removed top 31 bits (of 32) from port B of cell display.$add$../design/display.sv:41$11 ($add).
Removed top 30 bits (of 32) from port Y of cell display.$add$../design/display.sv:41$11 ($add).
Removed top 1 bits (of 2) from port B of cell display.$procmux$351_CMP0 ($eq).
Removed top 1 bits (of 2) from port B of cell display.$procmux$360_CMP0 ($eq).
Removed top 30 bits (of 32) from wire display.$add$../design/display.sv:41$11_Y.

5.7.9. Executing PEEPOPT pass (run peephole optimizers).

5.7.10. Executing OPT_CLEAN pass (remove unused cells and wires).
Finding unused cells or wires in module \display..
Removed 0 unused cells and 2 unused wires.
<suppressed ~1 debug messages>

5.7.11. Executing ALUMACC pass (create $alu and $macc cells).
Extracting $alu and $macc cells in module display:
  creating $macc model for $add$../design/display.sv:27$9 ($add).
  creating $macc model for $add$../design/display.sv:41$11 ($add).
  creating $alu model for $macc $add$../design/display.sv:41$11.
  creating $alu model for $macc $add$../design/display.sv:27$9.
  creating $alu cell for $add$../design/display.sv:27$9: $auto$alumacc.cc:485:replace_alu$390
  creating $alu cell for $add$../design/display.sv:41$11: $auto$alumacc.cc:485:replace_alu$393
  created 2 $alu and 0 $macc cells.

5.7.12. Executing SHARE pass (SAT-based resource sharing).

5.7.13. Executing OPT pass (performing simple optimizations).

5.7.13.1. Executing OPT_EXPR pass (perform const folding).
Optimizing module display.

5.7.13.2. Executing OPT_MERGE pass (detect identical cells).
Finding identical cells in module `\display'.
Removed a total of 0 cells.

5.7.13.3. Executing OPT_MUXTREE pass (detect dead branches in mux trees).
Running muxtree optimizer on module \display..
  Creating internal representation of mux trees.
  Evaluating internal representation of mux trees.
  Analyzing evaluation results.
Removed 0 multiplexer ports.
<suppressed ~2 debug messages>

5.7.13.4. Executing OPT_REDUCE pass (consolidate $*mux and $reduce_* inputs).
  Optimizing cells in module \display.
Performed a total of 0 changes.

5.7.13.5. Executing OPT_MERGE pass (detect identical cells).
Finding identical cells in module `\display'.
Removed a total of 0 cells.

5.7.13.6. Executing OPT_DFF pass (perform DFF optimizations).

5.7.13.7. Executing OPT_CLEAN pass (remove unused cells and wires).
Finding unused cells or wires in module \display..

5.7.13.8. Executing OPT_EXPR pass (perform const folding).
Optimizing module display.

5.7.13.9. Finished OPT passes. (There is nothing left to do.)

5.7.14. Executing MEMORY pass.

5.7.14.1. Executing OPT_MEM pass (optimize memories).
Performed a total of 0 transformations.

5.7.14.2. Executing OPT_MEM_PRIORITY pass (removing unnecessary memory write priority relations).
Performed a total of 0 transformations.

5.7.14.3. Executing OPT_MEM_FEEDBACK pass (finding memory read-to-write feedback paths).

5.7.14.4. Executing MEMORY_BMUX2ROM pass (converting muxes to ROMs).

5.7.14.5. Executing MEMORY_DFF pass (merging $dff cells to $memrd).
Checking read port `$auto$proc_rom.cc:150:do_switch$300'[0] in module `\display': no output FF found.
Checking read port address `$auto$proc_rom.cc:150:do_switch$300'[0] in module `\display': no address FF found.

5.7.14.6. Executing OPT_CLEAN pass (remove unused cells and wires).
Finding unused cells or wires in module \display..

5.7.14.7. Executing MEMORY_SHARE pass (consolidating $memrd/$memwr cells).

5.7.14.8. Executing OPT_MEM_WIDEN pass (optimize memories where all ports are wide).
Performed a total of 0 transformations.

5.7.14.9. Executing OPT_CLEAN pass (remove unused cells and wires).
Finding unused cells or wires in module \display..

5.7.14.10. Executing MEMORY_COLLECT pass (generating $mem cells).

5.7.15. Executing OPT_CLEAN pass (remove unused cells and wires).
Finding unused cells or wires in module \display..

5.8. Executing MEMORY_LIBMAP pass (mapping memories to cells).
using FF mapping for memory display.$auto$proc_rom.cc:150:do_switch$300
<suppressed ~6 debug messages>

5.9. Executing TECHMAP pass (map to technology primitives).

5.9.1. Executing Verilog-2005 frontend: /home/julian/Documents/TEC/Diseño_Lógico/oss-cad-suite-linux-x64-20230210/oss-cad-suite/lib/../share/yosys/gowin/lutrams_map.v
Parsing Verilog input from `/home/julian/Documents/TEC/Diseño_Lógico/oss-cad-suite-linux-x64-20230210/oss-cad-suite/lib/../share/yosys/gowin/lutrams_map.v' to AST representation.
Generating RTLIL representation for module `\$__GOWIN_LUTRAM_'.
Successfully finished Verilog frontend.

5.9.2. Executing Verilog-2005 frontend: /home/julian/Documents/TEC/Diseño_Lógico/oss-cad-suite-linux-x64-20230210/oss-cad-suite/lib/../share/yosys/gowin/brams_map.v
Parsing Verilog input from `/home/julian/Documents/TEC/Diseño_Lógico/oss-cad-suite-linux-x64-20230210/oss-cad-suite/lib/../share/yosys/gowin/brams_map.v' to AST representation.
Generating RTLIL representation for module `\$__GOWIN_SP_'.
Generating RTLIL representation for module `\$__GOWIN_DP_'.
Generating RTLIL representation for module `\$__GOWIN_SDP_'.
Successfully finished Verilog frontend.

5.9.3. Continuing TECHMAP pass.
No more expansions possible.
<suppressed ~6 debug messages>

5.10. Executing OPT pass (performing simple optimizations).

5.10.1. Executing OPT_EXPR pass (perform const folding).
Optimizing module display.
<suppressed ~2 debug messages>

5.10.2. Executing OPT_MERGE pass (detect identical cells).
Finding identical cells in module `\display'.
Removed a total of 0 cells.

5.10.3. Executing OPT_DFF pass (perform DFF optimizations).

5.10.4. Executing OPT_CLEAN pass (remove unused cells and wires).
Finding unused cells or wires in module \display..
Removed 2 unused cells and 2 unused wires.
<suppressed ~3 debug messages>

5.10.5. Finished fast OPT passes.

5.11. Executing MEMORY_MAP pass (converting memories to logic and flip-flops).
Mapping memory $auto$proc_rom.cc:150:do_switch$300 in module \display:
  created 16 $dff cells and 0 static cells of width 7.
  read interface: 0 $dff and 15 $mux cells.
  write interface: 0 write mux blocks.

5.12. Executing OPT pass (performing simple optimizations).

5.12.1. Executing OPT_EXPR pass (perform const folding).
Optimizing module display.
<suppressed ~4 debug messages>

5.12.2. Executing OPT_MERGE pass (detect identical cells).
Finding identical cells in module `\display'.
Removed a total of 0 cells.

5.12.3. Executing OPT_MUXTREE pass (detect dead branches in mux trees).
Running muxtree optimizer on module \display..
  Creating internal representation of mux trees.
  Evaluating internal representation of mux trees.
  Analyzing evaluation results.
Removed 0 multiplexer ports.
<suppressed ~3 debug messages>

5.12.4. Executing OPT_REDUCE pass (consolidate $*mux and $reduce_* inputs).
  Optimizing cells in module \display.
    Consolidated identical input bits for $mux cell $memory$auto$proc_rom.cc:150:do_switch$300$rdmux[0][3][2]$625:
      Old ports: A=7'0011001, B=7'0010010, Y=$memory$auto$proc_rom.cc:150:do_switch$300$rdmux[0][2][1]$a$611
      New ports: A=2'01, B=2'10, Y=$memory$auto$proc_rom.cc:150:do_switch$300$rdmux[0][2][1]$a$611 [1:0]
      New connections: $memory$auto$proc_rom.cc:150:do_switch$300$rdmux[0][2][1]$a$611 [6:2] = { 3'001 $memory$auto$proc_rom.cc:150:do_switch$300$rdmux[0][2][1]$a$611 [0] 1'0 }
    Consolidated identical input bits for $mux cell $memory$auto$proc_rom.cc:150:do_switch$300$rdmux[0][3][1]$622:
      Old ports: A=7'0100100, B=7'0110000, Y=$memory$auto$proc_rom.cc:150:do_switch$300$rdmux[0][2][0]$b$609
      New ports: A=2'01, B=2'10, Y={ $memory$auto$proc_rom.cc:150:do_switch$300$rdmux[0][2][0]$b$609 [4] $memory$auto$proc_rom.cc:150:do_switch$300$rdmux[0][2][0]$b$609 [2] }
      New connections: { $memory$auto$proc_rom.cc:150:do_switch$300$rdmux[0][2][0]$b$609 [6:5] $memory$auto$proc_rom.cc:150:do_switch$300$rdmux[0][2][0]$b$609 [3] $memory$auto$proc_rom.cc:150:do_switch$300$rdmux[0][2][0]$b$609 [1:0] } = 5'01000
    Consolidated identical input bits for $mux cell $memory$auto$proc_rom.cc:150:do_switch$300$rdmux[0][3][0]$619:
      Old ports: A=7'1000000, B=7'1111001, Y=$memory$auto$proc_rom.cc:150:do_switch$300$rdmux[0][2][0]$a$608
      New ports: A=1'0, B=1'1, Y=$memory$auto$proc_rom.cc:150:do_switch$300$rdmux[0][2][0]$a$608 [0]
      New connections: $memory$auto$proc_rom.cc:150:do_switch$300$rdmux[0][2][0]$a$608 [6:1] = { 1'1 $memory$auto$proc_rom.cc:150:do_switch$300$rdmux[0][2][0]$a$608 [0] $memory$auto$proc_rom.cc:150:do_switch$300$rdmux[0][2][0]$a$608 [0] $memory$auto$proc_rom.cc:150:do_switch$300$rdmux[0][2][0]$a$608 [0] 2'00 }
    Consolidated identical input bits for $mux cell $memory$auto$proc_rom.cc:150:do_switch$300$rdmux[0][3][3]$628:
      Old ports: A=7'0000010, B=7'1111000, Y=$memory$auto$proc_rom.cc:150:do_switch$300$rdmux[0][2][1]$b$612
      New ports: A=2'01, B=2'10, Y={ $memory$auto$proc_rom.cc:150:do_switch$300$rdmux[0][2][1]$b$612 [3] $memory$auto$proc_rom.cc:150:do_switch$300$rdmux[0][2][1]$b$612 [1] }
      New connections: { $memory$auto$proc_rom.cc:150:do_switch$300$rdmux[0][2][1]$b$612 [6:4] $memory$auto$proc_rom.cc:150:do_switch$300$rdmux[0][2][1]$b$612 [2] $memory$auto$proc_rom.cc:150:do_switch$300$rdmux[0][2][1]$b$612 [0] } = { $memory$auto$proc_rom.cc:150:do_switch$300$rdmux[0][2][1]$b$612 [3] $memory$auto$proc_rom.cc:150:do_switch$300$rdmux[0][2][1]$b$612 [3] $memory$auto$proc_rom.cc:150:do_switch$300$rdmux[0][2][1]$b$612 [3] 2'00 }
    Consolidated identical input bits for $mux cell $memory$auto$proc_rom.cc:150:do_switch$300$rdmux[0][3][4]$631:
      Old ports: A=7'0000000, B=7'0010000, Y=$memory$auto$proc_rom.cc:150:do_switch$300$rdmux[0][2][2]$a$614
      New ports: A=1'0, B=1'1, Y=$memory$auto$proc_rom.cc:150:do_switch$300$rdmux[0][2][2]$a$614 [4]
      New connections: { $memory$auto$proc_rom.cc:150:do_switch$300$rdmux[0][2][2]$a$614 [6:5] $memory$auto$proc_rom.cc:150:do_switch$300$rdmux[0][2][2]$a$614 [3:0] } = 6'000000
    Consolidated identical input bits for $pmux cell $procmux$348:
      Old ports: A=4'0011, B=12'001001110101, Y=\current_digit
      New ports: A=3'011, B=9'010111101, Y=\current_digit [2:0]
      New connections: \current_digit [3] = 1'0
  Optimizing cells in module \display.
    Consolidated identical input bits for $mux cell $memory$auto$proc_rom.cc:150:do_switch$300$rdmux[0][2][2]$613:
      Old ports: A=$memory$auto$proc_rom.cc:150:do_switch$300$rdmux[0][2][2]$a$614, B=7'1111111, Y=$memory$auto$proc_rom.cc:150:do_switch$300$rdmux[0][1][1]$a$605
      New ports: A={ $memory$auto$proc_rom.cc:150:do_switch$300$rdmux[0][2][2]$a$614 [4] 1'0 }, B=2'11, Y={ $memory$auto$proc_rom.cc:150:do_switch$300$rdmux[0][1][1]$a$605 [4] $memory$auto$proc_rom.cc:150:do_switch$300$rdmux[0][1][1]$a$605 [0] }
      New connections: { $memory$auto$proc_rom.cc:150:do_switch$300$rdmux[0][1][1]$a$605 [6:5] $memory$auto$proc_rom.cc:150:do_switch$300$rdmux[0][1][1]$a$605 [3:1] } = { $memory$auto$proc_rom.cc:150:do_switch$300$rdmux[0][1][1]$a$605 [0] $memory$auto$proc_rom.cc:150:do_switch$300$rdmux[0][1][1]$a$605 [0] $memory$auto$proc_rom.cc:150:do_switch$300$rdmux[0][1][1]$a$605 [0] $memory$auto$proc_rom.cc:150:do_switch$300$rdmux[0][1][1]$a$605 [0] $memory$auto$proc_rom.cc:150:do_switch$300$rdmux[0][1][1]$a$605 [0] }
    Consolidated identical input bits for $mux cell $memory$auto$proc_rom.cc:150:do_switch$300$rdmux[0][2][1]$610:
      Old ports: A=$memory$auto$proc_rom.cc:150:do_switch$300$rdmux[0][2][1]$a$611, B=$memory$auto$proc_rom.cc:150:do_switch$300$rdmux[0][2][1]$b$612, Y=$memory$auto$proc_rom.cc:150:do_switch$300$rdmux[0][1][0]$b$603
      New ports: A={ 2'01 $memory$auto$proc_rom.cc:150:do_switch$300$rdmux[0][2][1]$a$611 [0] $memory$auto$proc_rom.cc:150:do_switch$300$rdmux[0][2][1]$a$611 [1:0] }, B={ $memory$auto$proc_rom.cc:150:do_switch$300$rdmux[0][2][1]$b$612 [3] $memory$auto$proc_rom.cc:150:do_switch$300$rdmux[0][2][1]$b$612 [3] $memory$auto$proc_rom.cc:150:do_switch$300$rdmux[0][2][1]$b$612 [3] $memory$auto$proc_rom.cc:150:do_switch$300$rdmux[0][2][1]$b$612 [1] 1'0 }, Y={ $memory$auto$proc_rom.cc:150:do_switch$300$rdmux[0][1][0]$b$603 [5:3] $memory$auto$proc_rom.cc:150:do_switch$300$rdmux[0][1][0]$b$603 [1:0] }
      New connections: { $memory$auto$proc_rom.cc:150:do_switch$300$rdmux[0][1][0]$b$603 [6] $memory$auto$proc_rom.cc:150:do_switch$300$rdmux[0][1][0]$b$603 [2] } = { $memory$auto$proc_rom.cc:150:do_switch$300$rdmux[0][1][0]$b$603 [5] 1'0 }
    Consolidated identical input bits for $mux cell $memory$auto$proc_rom.cc:150:do_switch$300$rdmux[0][2][0]$607:
      Old ports: A=$memory$auto$proc_rom.cc:150:do_switch$300$rdmux[0][2][0]$a$608, B=$memory$auto$proc_rom.cc:150:do_switch$300$rdmux[0][2][0]$b$609, Y=$memory$auto$proc_rom.cc:150:do_switch$300$rdmux[0][1][0]$a$602
      New ports: A={ 1'1 $memory$auto$proc_rom.cc:150:do_switch$300$rdmux[0][2][0]$a$608 [0] $memory$auto$proc_rom.cc:150:do_switch$300$rdmux[0][2][0]$a$608 [0] 1'0 $memory$auto$proc_rom.cc:150:do_switch$300$rdmux[0][2][0]$a$608 [0] }, B={ 2'01 $memory$auto$proc_rom.cc:150:do_switch$300$rdmux[0][2][0]$b$609 [4] $memory$auto$proc_rom.cc:150:do_switch$300$rdmux[0][2][0]$b$609 [2] 1'0 }, Y={ $memory$auto$proc_rom.cc:150:do_switch$300$rdmux[0][1][0]$a$602 [6:4] $memory$auto$proc_rom.cc:150:do_switch$300$rdmux[0][1][0]$a$602 [2] $memory$auto$proc_rom.cc:150:do_switch$300$rdmux[0][1][0]$a$602 [0] }
      New connections: { $memory$auto$proc_rom.cc:150:do_switch$300$rdmux[0][1][0]$a$602 [3] $memory$auto$proc_rom.cc:150:do_switch$300$rdmux[0][1][0]$a$602 [1] } = { $memory$auto$proc_rom.cc:150:do_switch$300$rdmux[0][1][0]$a$602 [0] 1'0 }
  Optimizing cells in module \display.
    Consolidated identical input bits for $mux cell $memory$auto$proc_rom.cc:150:do_switch$300$rdmux[0][1][1]$604:
      Old ports: A=$memory$auto$proc_rom.cc:150:do_switch$300$rdmux[0][1][1]$a$605, B=7'1111111, Y=$memory$auto$proc_rom.cc:150:do_switch$300$rdmux[0][0][0]$b$600
      New ports: A={ $memory$auto$proc_rom.cc:150:do_switch$300$rdmux[0][1][1]$a$605 [4] $memory$auto$proc_rom.cc:150:do_switch$300$rdmux[0][1][1]$a$605 [0] }, B=2'11, Y={ $memory$auto$proc_rom.cc:150:do_switch$300$rdmux[0][0][0]$b$600 [4] $memory$auto$proc_rom.cc:150:do_switch$300$rdmux[0][0][0]$b$600 [0] }
      New connections: { $memory$auto$proc_rom.cc:150:do_switch$300$rdmux[0][0][0]$b$600 [6:5] $memory$auto$proc_rom.cc:150:do_switch$300$rdmux[0][0][0]$b$600 [3:1] } = { $memory$auto$proc_rom.cc:150:do_switch$300$rdmux[0][0][0]$b$600 [0] $memory$auto$proc_rom.cc:150:do_switch$300$rdmux[0][0][0]$b$600 [0] $memory$auto$proc_rom.cc:150:do_switch$300$rdmux[0][0][0]$b$600 [0] $memory$auto$proc_rom.cc:150:do_switch$300$rdmux[0][0][0]$b$600 [0] $memory$auto$proc_rom.cc:150:do_switch$300$rdmux[0][0][0]$b$600 [0] }
  Optimizing cells in module \display.
Performed a total of 10 changes.

5.12.5. Executing OPT_MERGE pass (detect identical cells).
Finding identical cells in module `\display'.
<suppressed ~9 debug messages>
Removed a total of 3 cells.

5.12.6. Executing OPT_DFF pass (perform DFF optimizations).

5.12.7. Executing OPT_CLEAN pass (remove unused cells and wires).
Finding unused cells or wires in module \display..
Removed 0 unused cells and 23 unused wires.
<suppressed ~1 debug messages>

5.12.8. Executing OPT_EXPR pass (perform const folding).
Optimizing module display.
<suppressed ~1 debug messages>

5.12.9. Rerunning OPT passes. (Maybe there is more to do..)

5.12.10. Executing OPT_MUXTREE pass (detect dead branches in mux trees).
Running muxtree optimizer on module \display..
  Creating internal representation of mux trees.
  Evaluating internal representation of mux trees.
  Analyzing evaluation results.
    dead port 1/2 on $mux $memory$auto$proc_rom.cc:150:do_switch$300$rdmux[0][1][1]$604.
    dead port 2/2 on $mux $memory$auto$proc_rom.cc:150:do_switch$300$rdmux[0][1][1]$604.
    dead port 1/2 on $mux $memory$auto$proc_rom.cc:150:do_switch$300$rdmux[0][2][2]$613.
    dead port 2/2 on $mux $memory$auto$proc_rom.cc:150:do_switch$300$rdmux[0][2][2]$613.
Removed 4 multiplexer ports.
<suppressed ~5 debug messages>

5.12.11. Executing OPT_REDUCE pass (consolidate $*mux and $reduce_* inputs).
  Optimizing cells in module \display.
Performed a total of 0 changes.

5.12.12. Executing OPT_MERGE pass (detect identical cells).
Finding identical cells in module `\display'.
Removed a total of 0 cells.

5.12.13. Executing OPT_DFF pass (perform DFF optimizations).

5.12.14. Executing OPT_CLEAN pass (remove unused cells and wires).
Finding unused cells or wires in module \display..
Removed 0 unused cells and 3 unused wires.
<suppressed ~1 debug messages>

5.12.15. Executing OPT_EXPR pass (perform const folding).
Optimizing module display.

5.12.16. Rerunning OPT passes. (Maybe there is more to do..)

5.12.17. Executing OPT_MUXTREE pass (detect dead branches in mux trees).
Running muxtree optimizer on module \display..
  Creating internal representation of mux trees.
  Evaluating internal representation of mux trees.
  Analyzing evaluation results.
Removed 0 multiplexer ports.
<suppressed ~4 debug messages>

5.12.18. Executing OPT_REDUCE pass (consolidate $*mux and $reduce_* inputs).
  Optimizing cells in module \display.
Performed a total of 0 changes.

5.12.19. Executing OPT_MERGE pass (detect identical cells).
Finding identical cells in module `\display'.
Removed a total of 0 cells.

5.12.20. Executing OPT_DFF pass (perform DFF optimizations).

5.12.21. Executing OPT_CLEAN pass (remove unused cells and wires).
Finding unused cells or wires in module \display..

5.12.22. Executing OPT_EXPR pass (perform const folding).
Optimizing module display.

5.12.23. Finished OPT passes. (There is nothing left to do.)

5.13. Executing TECHMAP pass (map to technology primitives).

5.13.1. Executing Verilog-2005 frontend: /home/julian/Documents/TEC/Diseño_Lógico/oss-cad-suite-linux-x64-20230210/oss-cad-suite/lib/../share/yosys/techmap.v
Parsing Verilog input from `/home/julian/Documents/TEC/Diseño_Lógico/oss-cad-suite-linux-x64-20230210/oss-cad-suite/lib/../share/yosys/techmap.v' to AST representation.
Generating RTLIL representation for module `\_90_simplemap_bool_ops'.
Generating RTLIL representation for module `\_90_simplemap_reduce_ops'.
Generating RTLIL representation for module `\_90_simplemap_logic_ops'.
Generating RTLIL representation for module `\_90_simplemap_compare_ops'.
Generating RTLIL representation for module `\_90_simplemap_various'.
Generating RTLIL representation for module `\_90_simplemap_registers'.
Generating RTLIL representation for module `\_90_shift_ops_shr_shl_sshl_sshr'.
Generating RTLIL representation for module `\_90_shift_shiftx'.
Generating RTLIL representation for module `\_90_fa'.
Generating RTLIL representation for module `\_90_lcu'.
Generating RTLIL representation for module `\_90_alu'.
Generating RTLIL representation for module `\_90_macc'.
Generating RTLIL representation for module `\_90_alumacc'.
Generating RTLIL representation for module `\$__div_mod_u'.
Generating RTLIL representation for module `\$__div_mod_trunc'.
Generating RTLIL representation for module `\_90_div'.
Generating RTLIL representation for module `\_90_mod'.
Generating RTLIL representation for module `\$__div_mod_floor'.
Generating RTLIL representation for module `\_90_divfloor'.
Generating RTLIL representation for module `\_90_modfloor'.
Generating RTLIL representation for module `\_90_pow'.
Generating RTLIL representation for module `\_90_pmux'.
Generating RTLIL representation for module `\_90_demux'.
Generating RTLIL representation for module `\_90_lut'.
Successfully finished Verilog frontend.

5.13.2. Executing Verilog-2005 frontend: /home/julian/Documents/TEC/Diseño_Lógico/oss-cad-suite-linux-x64-20230210/oss-cad-suite/lib/../share/yosys/gowin/arith_map.v
Parsing Verilog input from `/home/julian/Documents/TEC/Diseño_Lógico/oss-cad-suite-linux-x64-20230210/oss-cad-suite/lib/../share/yosys/gowin/arith_map.v' to AST representation.
Generating RTLIL representation for module `\_80_gw1n_alu'.
Successfully finished Verilog frontend.

5.13.3. Continuing TECHMAP pass.
Using extmapper simplemap for cells of type $mux.
Using extmapper simplemap for cells of type $logic_not.
Using template $paramod$175e67c02b86e96b1288b9dc100122520d7240d8\_90_alu for cells of type $alu.
Using template $paramod$713617589782cfade849bb573b5c36106c4b708f\_80_gw1n_alu for cells of type $alu.
Using extmapper simplemap for cells of type $eq.
Using template $paramod$c2e415ef15bc3ccd2723772353a6b450d3d76206\_90_pmux for cells of type $pmux.
Using template $paramod$85df5dc01c7df96a7d8e5f1fdf76ce9ac452af63\_90_pmux for cells of type $pmux.
Using extmapper simplemap for cells of type $adffe.
Using extmapper simplemap for cells of type $adff.
Using extmapper simplemap for cells of type $xor.
Using extmapper simplemap for cells of type $and.
Using template $paramod\_90_lcu\WIDTH=32'00000000000000000000000000000010 for cells of type $lcu.
Using extmapper simplemap for cells of type $pos.
Using extmapper simplemap for cells of type $not.
Using extmapper simplemap for cells of type $reduce_or.
Using extmapper simplemap for cells of type $or.
No more expansions possible.
<suppressed ~325 debug messages>

5.14. Executing OPT pass (performing simple optimizations).

5.14.1. Executing OPT_EXPR pass (perform const folding).
Optimizing module display.
<suppressed ~94 debug messages>

5.14.2. Executing OPT_MERGE pass (detect identical cells).
Finding identical cells in module `\display'.
<suppressed ~24 debug messages>
Removed a total of 8 cells.

5.14.3. Executing OPT_DFF pass (perform DFF optimizations).

5.14.4. Executing OPT_CLEAN pass (remove unused cells and wires).
Finding unused cells or wires in module \display..
Removed 3 unused cells and 132 unused wires.
<suppressed ~5 debug messages>

5.14.5. Finished fast OPT passes.

5.15. Executing IOPADMAP pass (mapping inputs/outputs to IO-PAD cells).
Mapping port display.clk using IBUF.
Mapping port display.key using IBUF.
Mapping port display.lit_digit using OBUF.
Mapping port display.lit_segs using OBUF.
Mapping port display.reset using IBUF.
Mapping port display.valid using IBUF.

5.16. Executing OPT_CLEAN pass (remove unused cells and wires).
Finding unused cells or wires in module \display..

5.17. Executing DFFLEGALIZE pass (convert FFs to types supported by the target).

5.18. Executing TECHMAP pass (map to technology primitives).

5.18.1. Executing Verilog-2005 frontend: /home/julian/Documents/TEC/Diseño_Lógico/oss-cad-suite-linux-x64-20230210/oss-cad-suite/lib/../share/yosys/gowin/cells_map.v
Parsing Verilog input from `/home/julian/Documents/TEC/Diseño_Lógico/oss-cad-suite-linux-x64-20230210/oss-cad-suite/lib/../share/yosys/gowin/cells_map.v' to AST representation.
Generating RTLIL representation for module `\$_DFF_N_'.
Generating RTLIL representation for module `\$_DFF_P_'.
Generating RTLIL representation for module `\$_DFFE_PP_'.
Generating RTLIL representation for module `\$_DFFE_NP_'.
Generating RTLIL representation for module `\$_SDFF_PP0_'.
Generating RTLIL representation for module `\$_SDFF_NP0_'.
Generating RTLIL representation for module `\$_SDFFE_PP0P_'.
Generating RTLIL representation for module `\$_SDFFE_NP0P_'.
Generating RTLIL representation for module `\$_SDFF_PP1_'.
Generating RTLIL representation for module `\$_SDFF_NP1_'.
Generating RTLIL representation for module `\$_SDFFE_PP1P_'.
Generating RTLIL representation for module `\$_SDFFE_NP1P_'.
Generating RTLIL representation for module `\$_DFF_PP1_'.
Generating RTLIL representation for module `\$_DFF_NP1_'.
Generating RTLIL representation for module `\$_DFF_PP0_'.
Generating RTLIL representation for module `\$_DFF_NP0_'.
Generating RTLIL representation for module `\$_DFFE_PP1P_'.
Generating RTLIL representation for module `\$_DFFE_NP1P_'.
Generating RTLIL representation for module `\$_DFFE_PP0P_'.
Generating RTLIL representation for module `\$_DFFE_NP0P_'.
Generating RTLIL representation for module `\$lut'.
Successfully finished Verilog frontend.

5.18.2. Continuing TECHMAP pass.
Using template \$_DFFE_PP0P_ for cells of type $_DFFE_PP0P_.
Using template \$_DFFE_PP1P_ for cells of type $_DFFE_PP1P_.
Using template \$_DFF_PP0_ for cells of type $_DFF_PP0_.
No more expansions possible.
<suppressed ~43 debug messages>

5.19. Executing OPT_EXPR pass (perform const folding).
Optimizing module display.

5.20. Executing SIMPLEMAP pass (map simple cells to gate primitives).

5.21. Executing ABC pass (technology mapping using ABC).

5.21.1. Extracting gate netlist of module `\display' to `<abc-temp-dir>/input.blif'..
Extracted 84 gates and 103 wires to a netlist network with 17 inputs and 39 outputs.

5.21.1.1. Executing ABC.
Running ABC command: "<yosys-exe-dir>/yosys-abc" -s -f <abc-temp-dir>/abc.script 2>&1
ABC: ABC command line: "source <abc-temp-dir>/abc.script".
ABC: 
ABC: + read_blif <abc-temp-dir>/input.blif 
ABC: + read_lut <abc-temp-dir>/lutdefs.txt 
ABC: + strash 
ABC: + &get -n 
ABC: + &fraig -x 
ABC: + &put 
ABC: + scorr 
ABC: Warning: The network is combinational (run "fraig" or "fraig_sweep").
ABC: + dc2 
ABC: + dretime 
ABC: + strash 
ABC: + dch -f 
ABC: + if 
ABC: + mfs2 
ABC: + write_blif <abc-temp-dir>/output.blif 

5.21.1.2. Re-integrating ABC results.
ABC RESULTS:              $lut cells:       41
ABC RESULTS:        internal signals:       47
ABC RESULTS:           input signals:       17
ABC RESULTS:          output signals:       39
Removing temp directory.
Removed 0 unused cells and 182 unused wires.

5.22. Executing TECHMAP pass (map to technology primitives).

5.22.1. Executing Verilog-2005 frontend: /home/julian/Documents/TEC/Diseño_Lógico/oss-cad-suite-linux-x64-20230210/oss-cad-suite/lib/../share/yosys/gowin/cells_map.v
Parsing Verilog input from `/home/julian/Documents/TEC/Diseño_Lógico/oss-cad-suite-linux-x64-20230210/oss-cad-suite/lib/../share/yosys/gowin/cells_map.v' to AST representation.
Generating RTLIL representation for module `\$_DFF_N_'.
Generating RTLIL representation for module `\$_DFF_P_'.
Generating RTLIL representation for module `\$_DFFE_PP_'.
Generating RTLIL representation for module `\$_DFFE_NP_'.
Generating RTLIL representation for module `\$_SDFF_PP0_'.
Generating RTLIL representation for module `\$_SDFF_NP0_'.
Generating RTLIL representation for module `\$_SDFFE_PP0P_'.
Generating RTLIL representation for module `\$_SDFFE_NP0P_'.
Generating RTLIL representation for module `\$_SDFF_PP1_'.
Generating RTLIL representation for module `\$_SDFF_NP1_'.
Generating RTLIL representation for module `\$_SDFFE_PP1P_'.
Generating RTLIL representation for module `\$_SDFFE_NP1P_'.
Generating RTLIL representation for module `\$_DFF_PP1_'.
Generating RTLIL representation for module `\$_DFF_NP1_'.
Generating RTLIL representation for module `\$_DFF_PP0_'.
Generating RTLIL representation for module `\$_DFF_NP0_'.
Generating RTLIL representation for module `\$_DFFE_PP1P_'.
Generating RTLIL representation for module `\$_DFFE_NP1P_'.
Generating RTLIL representation for module `\$_DFFE_PP0P_'.
Generating RTLIL representation for module `\$_DFFE_NP0P_'.
Generating RTLIL representation for module `\$lut'.
Successfully finished Verilog frontend.

5.22.2. Continuing TECHMAP pass.
Using template $paramod$658b9ed803f0d3d335616d3858b53e0a2522f1e8\$lut for cells of type $lut.
Using template $paramod$9bdc414229f06e785dc8fd97a243faa9336e164a\$lut for cells of type $lut.
Using template $paramod\$lut\WIDTH=32'00000000000000000000000000000001\LUT=2'01 for cells of type $lut.
Using template $paramod\$lut\WIDTH=32'00000000000000000000000000000010\LUT=4'0110 for cells of type $lut.
Using template $paramod\$lut\WIDTH=32'00000000000000000000000000000010\LUT=4'1000 for cells of type $lut.
Using template $paramod\$lut\WIDTH=32'00000000000000000000000000000010\LUT=4'0100 for cells of type $lut.
Using template $paramod\$lut\WIDTH=32'00000000000000000000000000000010\LUT=4'0001 for cells of type $lut.
Using template $paramod$c17f783b2672ece4ec8753c85600d76537d11ec4\$lut for cells of type $lut.
Using template $paramod$9664483609d9e726df9697364de1aad825ad3979\$lut for cells of type $lut.
No more expansions possible.
<suppressed ~189 debug messages>

5.23. Executing OPT_LUT_INS pass (discard unused LUT inputs).
Optimizing LUTs in display.
  Optimizing lut $abc$1085$auto$blifparse.cc:525:parse_blif$1101.genblk1.genblk1.genblk1.genblk1.genblk1.lut0 (4 -> 0)
  Optimizing lut $abc$1085$auto$blifparse.cc:525:parse_blif$1100.genblk1.genblk1.genblk1.genblk1.genblk1.lut0 (4 -> 0)
  Optimizing lut $abc$1085$auto$blifparse.cc:525:parse_blif$1086.genblk1.genblk1.genblk1.genblk1.genblk1.lut0 (4 -> 0)
  Optimizing lut $abc$1085$auto$blifparse.cc:525:parse_blif$1102.genblk1.genblk1.genblk1.genblk1.genblk1.lut0 (4 -> 0)
  Optimizing lut $abc$1085$auto$blifparse.cc:525:parse_blif$1099.genblk1.genblk1.genblk1.genblk1.genblk1.lut0 (4 -> 0)
  Optimizing lut $abc$1085$auto$blifparse.cc:525:parse_blif$1103.genblk1.genblk1.genblk1.genblk1.genblk1.lut0 (4 -> 0)

5.24. Executing SETUNDEF pass (replace undef values with defined constants).

5.25. Executing HILOMAP pass (mapping to constant drivers).
Removed 0 unused cells and 101 unused wires.

5.26. Executing AUTONAME pass.
Renamed 836 objects in module display (20 iterations).
<suppressed ~156 debug messages>

5.27. Executing HIERARCHY pass (managing design hierarchy).

5.27.1. Analyzing design hierarchy..
Top module:  \display

5.27.2. Analyzing design hierarchy..
Top module:  \display
Removed 0 unused modules.

5.28. Printing statistics.

=== display ===

   Number of wires:                 62
   Number of wire bits:            145
   Number of public wires:          62
   Number of public wire bits:     145
   Number of memories:               0
   Number of memory bits:            0
   Number of processes:              0
   Number of cells:                103
     ALU                            14
     DFFC                           14
     DFFCE                           2
     DFFPE                           4
     GND                             1
     IBUF                            7
     LUT1                           29
     LUT2                            5
     LUT4                            9
     MUX2_LUT5                       6
     OBUF                           11
     VCC                             1

5.29. Executing CHECK pass (checking for obvious problems).
Checking module display...
Found and reported 0 problems.

5.30. Executing JSON backend.

End of script. Logfile hash: 01a295cfa8, CPU: user 0.20s system 0.01s, MEM: 23.07 MB peak
Yosys 0.26+1 (git sha1 b1a011138, clang 10.0.0-4ubuntu1 -fPIC -Os)
Time spent: 23% 13x read_verilog (0 sec), 23% 1x abc (0 sec), ...
